(TranslationUnit
    (SymbolTable
        1
        {
            __main__:
                (Module
                    (SymbolTable
                        2
                        {
                            test_augassign:
                                (Function
                                    (SymbolTable
                                        3
                                        {
                                            a:
                                                (Variable
                                                    3
                                                    a
                                                    []
                                                    Local
                                                    ()
                                                    ()
                                                    Default
                                                    (Character 1 -2 ())
                                                    ()
                                                    Source
                                                    Public
                                                    Required
                                                    .false.
                                                ),
                                            r:
                                                (Variable
                                                    3
                                                    r
                                                    []
                                                    Local
                                                    ()
                                                    ()
                                                    Default
                                                    (Integer 4)
                                                    ()
                                                    Source
                                                    Public
                                                    Required
                                                    .false.
                                                ),
                                            s:
                                                (Variable
                                                    3
                                                    s
                                                    []
                                                    Local
                                                    ()
                                                    ()
                                                    Default
                                                    (Integer 4)
                                                    ()
                                                    Source
                                                    Public
                                                    Required
                                                    .false.
                                                )
                                        })
                                    test_augassign
                                    (FunctionType
                                        []
                                        ()
                                        Source
                                        Implementation
                                        ()
                                        .false.
                                        .false.
                                        .false.
                                        .false.
                                        .false.
                                        []
                                        .false.
                                    )
                                    []
                                    []
                                    [(Assignment
                                        (Var 3 r)
                                        (IntegerConstant 0 (Integer 4))
                                        ()
                                    )
                                    (Assignment
                                        (Var 3 r)
                                        (IntegerBinOp
                                            (Var 3 r)
                                            Add
                                            (IntegerConstant 4 (Integer 4))
                                            (Integer 4)
                                            ()
                                        )
                                        ()
                                    )
                                    (Assignment
                                        (Var 3 s)
                                        (IntegerConstant 5 (Integer 4))
                                        ()
                                    )
                                    (Assignment
                                        (Var 3 r)
                                        (IntegerBinOp
                                            (Var 3 r)
                                            Mul
                                            (Var 3 s)
                                            (Integer 4)
                                            ()
                                        )
                                        ()
                                    )
                                    (Assignment
                                        (Var 3 r)
                                        (IntegerBinOp
                                            (Var 3 r)
                                            Sub
                                            (IntegerConstant 2 (Integer 4))
                                            (Integer 4)
                                            ()
                                        )
                                        ()
                                    )
                                    (Assignment
                                        (Var 3 s)
                                        (IntegerConstant 10 (Integer 4))
                                        ()
                                    )
                                    (Assignment
                                        (Var 3 r)
                                        (RealBinOp
                                            (Cast
                                                (Var 3 r)
                                                IntegerToReal
                                                (Real 8)
                                                ()
                                            )
                                            Div
                                            (Cast
                                                (Var 3 s)
                                                IntegerToReal
                                                (Real 8)
                                                ()
                                            )
                                            (Real 8)
                                            ()
                                        )
                                        ()
                                    )
                                    (Assignment
                                        (Var 3 a)
                                        (StringConstant
                                            ""
                                            (Character 1 0 ())
                                        )
                                        ()
                                    )
                                    (Assignment
                                        (Var 3 a)
                                        (StringConcat
                                            (Var 3 a)
                                            (StringConstant
                                                "test"
                                                (Character 1 4 ())
                                            )
                                            (Character 1 2 ())
                                            ()
                                        )
                                        ()
                                    )]
                                    ()
                                    Public
                                    .false.
                                    .false.
                                    ()
                                )
                        })
                    __main__
                    []
                    .false.
                    .false.
                ),
            main_program:
                (Program
                    (SymbolTable
                        4
                        {
                            
                        })
                    main_program
                    []
                    []
                )
        })
    []
)
