semantic error: Assigning integer to float is not supported
 --> tests/errors/test_assign4.py:7:9
  |
7 |     f = x
  |         ^ 
