(TranslationUnit (SymbolTable 1 {lpython_builtin: (IntrinsicModule lpython_builtin), main: (Subroutine (SymbolTable 2 {pow: (ExternalSymbol 2 pow 4 pow lpython_builtin [] pow Private)}) main [] [(Print () [(FunctionCall 1 pow@__lpython_overloaded_0__pow 2 pow [((IntegerConstant 2 (Integer 4 []))) ((IntegerConstant 2 (Integer 4 [])))] (Integer 4 []) (IntegerConstant 4 (Integer 4 [])) ())] () ()) (Print () [(IntegerBinOp (IntegerConstant 2 (Integer 4 [])) Pow (IntegerConstant 2 (Integer 4 [])) (Integer 4 []) (IntegerConstant 4 (Integer 4 [])))] () ())] Source Public Implementation () .false. .false.), main_program: (Program (SymbolTable 79 {}) main_program [] []), pow@__lpython_overloaded_0__pow: (ExternalSymbol 1 pow@__lpython_overloaded_0__pow 4 __lpython_overloaded_0__pow lpython_builtin [] __lpython_overloaded_0__pow Public)}) [])
