KeyboardInterrupt
The command 'python $DIR/src/bin/../runtime/lpython_parser.py tests/../integration_tests/array_01_decl.py tests/../integration_tests/array_01_decl.py9DCD451' failed.
