(Module
    [(FunctionDef
        test_StrOp_repeat
        ([]
        []
        []
        []
        []
        []
        [])
        [(AnnAssign
            (Name
                s
                Store
            )
            (Name
                str
                Load
            )
            ()
            1
        )
        (Assign
            [(Name
                s
                Store
            )]
            (BinOp
                (ConstantStr
                    "a"
                    ()
                )
                Mult
                (ConstantInt
                    2
                    ()
                )
            )
            ()
        )
        (Assign
            [(Name
                s
                Store
            )]
            (BinOp
                (ConstantStr
                    "a"
                    ()
                )
                Mult
                (UnaryOp
                    USub
                    (ConstantInt
                        1
                        ()
                    )
                )
            )
            ()
        )
        (Assign
            [(Name
                s
                Store
            )]
            (BinOp
                (ConstantStr
                    "test"
                    ()
                )
                Mult
                (ConstantInt
                    5
                    ()
                )
            )
            ()
        )
        (Assign
            [(Name
                s
                Store
            )]
            (BinOp
                (ConstantInt
                    4
                    ()
                )
                Mult
                (ConstantStr
                    "bb"
                    ()
                )
            )
            ()
        )
        (Assign
            [(Name
                s
                Store
            )]
            (BinOp
                (UnaryOp
                    USub
                    (ConstantInt
                        40
                        ()
                    )
                )
                Mult
                (ConstantStr
                    "bb"
                    ()
                )
            )
            ()
        )
        (Assign
            [(Name
                s
                Store
            )]
            (BinOp
                (BinOp
                    (ConstantInt
                        3
                        ()
                    )
                    Mult
                    (ConstantStr
                        "a"
                        ()
                    )
                )
                Mult
                (ConstantInt
                    3
                    ()
                )
            )
            ()
        )]
        []
        ()
        ()
    )]
    []
)
