(Module
    [(FunctionDef
        test
        ([]
        [(a
        (Name
            i32
            Load
        )
        ())
        (b
        (Name
            i32
            Load
        )
        ())]
        []
        []
        []
        []
        [])
        [(Return
            (BinOp
                (Name
                    a
                    Load
                )
                Pow
                (Name
                    b
                    Load
                )
            )
        )]
        []
        (Name
            i32
            Load
        )
        ()
    )
    (FunctionDef
        check
        ([]
        []
        []
        []
        []
        []
        [])
        [(AnnAssign
            (Name
                a
                Store
            )
            (Name
                i32
                Load
            )
            ()
            1
        )
        (Assign
            [(Name
                a
                Store
            )]
            (Call
                (Name
                    test
                    Load
                )
                [(ConstantInt
                    2
                    ()
                )
                (ConstantInt
                    2
                    ()
                )]
                []
            )
            ()
        )
        (Return
            (Name
                a
                Load
            )
        )]
        []
        (Name
            i32
            Load
        )
        ()
    )
    (FunctionDef
        main0
        ([]
        []
        []
        []
        []
        []
        [])
        [(AnnAssign
            (Name
                x
                Store
            )
            (Name
                i32
                Load
            )
            ()
            1
        )
        (Assign
            [(Name
                x
                Store
            )]
            (Call
                (Name
                    check
                    Load
                )
                []
                []
            )
            ()
        )]
        []
        ()
        ()
    )
    (Expr
        (Call
            (Name
                main0
                Load
            )
            []
            []
        )
    )]
    []
)
