(Module
    [(For
        (Name
            i
            Store
        )
        (Call
            (Name
                range
                Load
            )
            [(ConstantInt
                3
                ()
            )
            (ConstantInt
                0
                ()
            )
            (UnaryOp
                USub
                (ConstantInt
                    1
                    ()
                )
            )]
            []
        )
        [(Try
            [(Expr
                (Call
                    (Name
                        print
                        Load
                    )
                    []
                    []
                )
            )]
            [(ExceptHandler
                (Name
                    IOError
                    Load
                )
                ()
                [(If
                    (Compare
                        (Name
                            i
                            Load
                        )
                        Eq
                        [(ConstantInt
                            1
                            ()
                        )]
                    )
                    [(Raise
                        ()
                        ()
                    )]
                    []
                )
                (Expr
                    (Call
                        (Name
                            print
                            Load
                        )
                        [(ConstantStr
                            "retry"
                            ()
                        )]
                        []
                    )
                )]
            )]
            [(Break)]
            []
        )]
        []
        ()
    )
    (Try
        [(Pass)]
        [(ExceptHandler
            (Name
                ValueError
                Load
            )
            ()
            [(Pass)]
        )
        (ExceptHandler
            (Name
                TypeError
                Load
            )
            ()
            [(Pass)]
        )
        (ExceptHandler
            (Name
                ZeroDivisionError
                Load
            )
            ()
            [(Pass)]
        )
        (ExceptHandler
            ()
            ()
            [(Pass)]
        )]
        []
        []
    )
    (Try
        [(Assign
            [(Name
                a
                Store
            )]
            (ConstantInt
                1
                ()
            )
            ()
        )
        (If
            (Compare
                (Name
                    a
                    Load
                )
                LtE
                [(ConstantInt
                    0
                    ()
                )]
            )
            [(Raise
                (Call
                    (Name
                        ValueError
                        Load
                    )
                    [(ConstantStr
                        "That is not a positive number!"
                        ()
                    )]
                    []
                )
                ()
            )]
            []
        )]
        [(ExceptHandler
            (Name
                ValueError
                Load
            )
            ve
            [(Expr
                (Call
                    (Name
                        print
                        Load
                    )
                    [(Name
                        ve
                        Load
                    )]
                    []
                )
            )]
        )]
        []
        []
    )
    (Try
        [(Raise
            (Name
                KeyboardInterrupt
                Load
            )
            ()
        )]
        []
        []
        [(Expr
            (Call
                (Name
                    print
                    Load
                )
                [(ConstantStr
                    "Goodbye, world!"
                    ()
                )]
                []
            )
        )]
    )
    (Try
        [(Expr
            (ConstantEllipsis
                ()
            )
        )]
        [(ExceptHandler
            (Name
                Exception
                Load
            )
            e
            [(Expr
                (ConstantEllipsis
                    ()
                )
            )]
        )]
        []
        []
    )
    (Try
        [(Expr
            (ConstantEllipsis
                ()
            )
        )]
        [(ExceptHandler
            ()
            ()
            [(Expr
                (ConstantEllipsis
                    ()
                )
            )]
        )]
        [(Expr
            (ConstantEllipsis
                ()
            )
        )]
        [(Expr
            (ConstantEllipsis
                ()
            )
        )]
    )
    (Try
        [(Expr
            (Call
                (Attribute
                    (Name
                        shutil
                        Load
                    )
                    rmtree
                    Load
                )
                [(Call
                    (Attribute
                        (Attribute
                            (Name
                                os
                                Load
                            )
                            path
                            Load
                        )
                        join
                        Load
                    )
                    [(Name
                        asv_build_cache
                        Load
                    )
                    (Name
                        c
                        Load
                    )]
                    []
                )]
                []
            )
        )]
        [(ExceptHandler
            (Name
                OSError
                Load
            )
            ()
            [(Pass)]
        )]
        []
        []
    )]
    []
)
