(Module
    [(FunctionDef
        main
        ([]
        []
        []
        []
        []
        []
        [])
        [(If
            (Name
                foo
                Load
            )
            [(If
                (Name
                    bar
                    Load
                )
                [(Pass)]
                []
            )]
            [(Pass)]
        )
        (Return
            ()
        )]
        []
        ()
        ()
    )
    (FunctionDef
        test
        ([]
        []
        []
        []
        []
        []
        [])
        [(Expr
            (Call
                (Name
                    print
                    Load
                )
                []
                []
            )
        )]
        []
        ()
        ()
    )
    (FunctionDef
        main
        ([]
        []
        []
        []
        []
        []
        [])
        [(Expr
            (Call
                (Name
                    print
                    Load
                )
                []
                []
            )
        )]
        []
        ()
        ()
    )
    (FunctionDef
        main
        ([]
        []
        []
        []
        []
        []
        [])
        [(Expr
            (Call
                (Name
                    print
                    Load
                )
                []
                []
            )
        )
        (Pass)]
        []
        ()
        ()
    )
    (FunctionDef
        main
        ([]
        []
        []
        []
        []
        []
        [])
        [(If
            (Name
                foo
                Load
            )
            [(Pass)
            (Pass)
            (If
                (Name
                    bar
                    Load
                )
                [(Pass)]
                []
            )
            (Pass)]
            []
        )
        (Pass)]
        []
        ()
        ()
    )
    (Assign
        [(Name
            x
            Store
        )]
        (List
            [(Name
                a
                Load
            )]
            Load
        )
        ()
    )]
    []
)
