(Module
    [(Expr
        (ConstantStr
            "\"\\"
            ()
        )
    )
    (Expr
        (ConstantStr
            "\n\\"
            ()
        )
    )
    (Expr
        (ConstantStr
            "\\"
            ()
        )
    )
    (Expr
        (ConstantStr
            "   \\"
            ()
        )
    )
    (Expr
        (ConstantStr
            "\\ "
            ()
        )
    )
    (Expr
        (ConstantStr
            ""
            ()
        )
    )
    (Expr
        (ConstantStr
            "\\|"
            ()
        )
    )
    (Expr
        (ConstantStr
            "I said 'Wow' "
            ()
        )
    )
    (Expr
        (ConstantStr
            "I said \"hi\" "
            ()
        )
    )
    (Expr
        (ConstantStr
            "I said \\\"hi\" "
            ()
        )
    )
    (Expr
        (ConstantStr
            "I said '\\'hi\\hey' "
            ()
        )
    )
    (Expr
        (ConstantStr
            "ab"
            ()
        )
    )
    (Expr
        (ConstantStr
            "ab"
            ()
        )
    )
    (Expr
        (ConstantStr
            "Text\\\\"
            ()
        )
    )
    (Expr
        (ConstantStr
            ""
            ()
        )
    )
    (Expr
        (Call
            (Name
                x
                Load
            )
            [(ConstantStr
                "class a:\n    def test():\n        return r\"\\LaTeX\"\n"
                ()
            )]
            []
        )
    )
    (Expr
        (ConstantStr
            "\n    \"\\\\\"\n"
            ()
        )
    )
    (Expr
        (ConstantStr
            "\n    '\\'\n"
            ()
        )
    )]
    []
)
