code generation error: asr_to_llvm: module failed verification. Error:
Stored value type does not match pointer operand type!
  store i16** @x, i16* %_lpython_main_program1, align 8
 i16
