; ModuleID = 'LFortran'
source_filename = "LFortran"

define i32 @main(i32 %0, i8** %1) {
.entry:
  call void @_lpython_call_initial_functions(i32 %0, i8** %1)
  ret i32 0
}

declare void @_lpython_call_initial_functions(i32, i8**)
