(KEYWORD "def") 0:2
(TOKEN "identifier" test_literal1) 4:16
(TOKEN "(") 17:17
(TOKEN ")") 18:18
(TOKEN ":") 19:19
(NEWLINE) 20:20
(TOKEN "indent") 21:24
(TOKEN "identifier" x) 25:25
(TOKEN ":") 26:26
(TOKEN "identifier" i32) 28:30
(TOKEN "=") 32:32
(TOKEN "integer" 123) 34:37
(EOF) 38:38
